Initialized native services in: C:\Users\usuario\.gradle\native
Initialized jansi services in: C:\Users\usuario\.gradle\native
Found daemon DaemonInfo{pid=23468, address=[87cd8ce9-1a36-4a4a-ad64-bcb486b8845a port:57399, addresses:[/127.0.0.1]], state=Idle, lastBusy=1773799835221, context=DefaultDaemonContext[uid=b51a780b-0bd0-4573-b95d-141cc1842601,javaHome=C:\Program Files\Java\jdk-23,javaVersion=23,javaVendor=Oracle Corporation,daemonRegistryDir=C:\Users\usuario\.gradle\daemon,pid=23468,idleTimeout=10800000,priority=NORMAL,applyInstrumentationAgent=true,nativeServicesMode=ENABLED,daemonOpts=-XX:MaxMetaspaceSize=384m,-XX:+HeapDumpOnOutOfMemoryError,-Xms256m,-Xmx512m,-Dfile.encoding=UTF-8,-Duser.country=AU,-Duser.language=en,-Duser.variant]} however its context does not match the desired criteria.
At least one daemon option is different.
Wanted: DaemonRequestContext{jvmCriteria=C:\Program Files\Java\jdk-23 (from org.gradle.java.home), daemonOpts=[-XX:MaxMetaspaceSize=384m, -XX:+HeapDumpOnOutOfMemoryError, -Xms256m, -Xmx512m, -Dfile.encoding=windows-1252, -Duser.country=AU, -Duser.language=en, -Duser.variant], applyInstrumentationAgent=true, nativeServicesMode=ENABLED, priority=NORMAL}
Actual: DefaultDaemonContext[uid=b51a780b-0bd0-4573-b95d-141cc1842601,javaHome=C:\Program Files\Java\jdk-23,javaVersion=23,javaVendor=Oracle Corporation,daemonRegistryDir=C:\Users\usuario\.gradle\daemon,pid=23468,idleTimeout=10800000,priority=NORMAL,applyInstrumentationAgent=true,nativeServicesMode=ENABLED,daemonOpts=-XX:MaxMetaspaceSize=384m,-XX:+HeapDumpOnOutOfMemoryError,-Xms256m,-Xmx512m,-Dfile.encoding=UTF-8,-Duser.country=AU,-Duser.language=en,-Duser.variant]

  Looking for a different daemon...
Found daemon DaemonInfo{pid=22840, address=[1c201f22-0172-4539-8ff9-ff735fd70263 port:56528, addresses:[/127.0.0.1]], state=Idle, lastBusy=1773799854696, context=DefaultDaemonContext[uid=2108257d-b679-4a99-b4e4-3abb07267b2b,javaHome=C:\Program Files\Java\jdk-23,javaVersion=23,javaVendor=Oracle Corporation,daemonRegistryDir=C:\Users\usuario\.gradle\daemon,pid=22840,idleTimeout=10800000,priority=NORMAL,applyInstrumentationAgent=true,nativeServicesMode=ENABLED,daemonOpts=-Dfile.encoding=UTF-8,-Duser.country=AU,-Duser.language=en,-Duser.variant]} however its context does not match the desired criteria.
At least one daemon option is different.
Wanted: DaemonRequestContext{jvmCriteria=C:\Program Files\Java\jdk-23 (from org.gradle.java.home), daemonOpts=[-XX:MaxMetaspaceSize=384m, -XX:+HeapDumpOnOutOfMemoryError, -Xms256m, -Xmx512m, -Dfile.encoding=windows-1252, -Duser.country=AU, -Duser.language=en, -Duser.variant], applyInstrumentationAgent=true, nativeServicesMode=ENABLED, priority=NORMAL}
Actual: DefaultDaemonContext[uid=2108257d-b679-4a99-b4e4-3abb07267b2b,javaHome=C:\Program Files\Java\jdk-23,javaVersion=23,javaVendor=Oracle Corporation,daemonRegistryDir=C:\Users\usuario\.gradle\daemon,pid=22840,idleTimeout=10800000,priority=NORMAL,applyInstrumentationAgent=true,nativeServicesMode=ENABLED,daemonOpts=-Dfile.encoding=UTF-8,-Duser.country=AU,-Duser.language=en,-Duser.variant]

  Looking for a different daemon...
The client will now receive all logging from the daemon (pid: 21104). The daemon log file: C:\Users\usuario\.gradle\daemon\8.12.1\daemon-21104.out.log
Starting 6th build in daemon [uptime: 7 mins 28.335 secs, performance: 100%, GC rate: 0.00/s, heap usage: 0% of 512 MiB, non-heap usage: 27% of 384 MiB]
Using 8 worker leases.
Now considering [C:\Users\usuario\iCloudDrive\SOFKA\AUTO_API_PETSTORE_SCREENPLAY] as hierarchies to watch
Watching the file system is configured to be enabled if available
File system watching is active
Starting Build
Settings evaluated using settings file 'C:\Users\usuario\iCloudDrive\SOFKA\AUTO_API_PETSTORE_SCREENPLAY\settings.gradle'.
Projects loaded. Root project using build file 'C:\Users\usuario\iCloudDrive\SOFKA\AUTO_API_PETSTORE_SCREENPLAY\build.gradle'.
Included projects: [root project 'AUTO_API_PETSTORE_SCREENPLAY']

> Configure project :
Evaluating root project 'AUTO_API_PETSTORE_SCREENPLAY' using build file 'C:\Users\usuario\iCloudDrive\SOFKA\AUTO_API_PETSTORE_SCREENPLAY\build.gradle'.
All projects evaluated.
Task name matched 'clean'
Task name matched 'test'
Task name matched 'aggregate'
Selected primary task 'clean' from project :
Selected primary task 'test' from project :
Selected primary task 'aggregate' from project :
Tasks to be executed: [task ':clearReports', task ':clean', task ':compileJava', task ':processResources', task ':classes', task ':compileTestJava', task ':processTestResources', task ':testClasses', task ':test', task ':reports', task ':aggregate']
Tasks that were excluded: []
Resolve mutations for :clearReports (Thread[#321,included builds,5,main]) started.
:clearReports (Thread[#321,included builds,5,main]) started.

> Task :clearReports
Caching disabled for task ':clearReports' because:
  Build cache is disabled
Task ':clearReports' is not up-to-date because:
  Task has not declared any outputs despite executing actions.
Resolve mutations for :clean (Thread[#321,included builds,5,main]) started.
:clean (Thread[#321,included builds,5,main]) started.
destroyer locations for task group 0 (Thread[#322,Execution worker,5,main]) started.
destroyer locations for task group 1 (Thread[#322,Execution worker,5,main]) started.

> Task :clean
Caching disabled for task ':clean' because:
  Build cache is disabled
Task ':clean' is not up-to-date because:
  Task has not declared any outputs despite executing actions.
Resolve mutations for :compileJava (Thread[#321,included builds,5,main]) started.
:compileJava (Thread[#321,included builds,5,main]) started.

> Task :compileJava NO-SOURCE
Skipping task ':compileJava' as it has no source files and no previous output files.
Resolve mutations for :processResources (Thread[#321,included builds,5,main]) started.
:processResources (Thread[#321,included builds,5,main]) started.

> Task :processResources NO-SOURCE
Skipping task ':processResources' as it has no source files and no previous output files.
Resolve mutations for :classes (Thread[#321,included builds,5,main]) started.
:classes (Thread[#321,included builds,5,main]) started.

> Task :classes UP-TO-DATE
Skipping task ':classes' as it has no actions.
Resolve mutations for :compileTestJava (Thread[#321,included builds,5,main]) started.
:compileTestJava (Thread[#321,included builds,5,main]) started.

> Task :compileTestJava FAILED
Resolve mutations for :processTestResources (Thread[#321,included builds,5,main]) started.
:processTestResources (Thread[#321,included builds,5,main]) started.

> Task :processTestResources
Caching disabled for task ':processTestResources' because:
  Build cache is disabled
  Not worth caching
Task ':processTestResources' is not up-to-date because:
  Output property 'destinationDir' file C:\Users\usuario\iCloudDrive\SOFKA\AUTO_API_PETSTORE_SCREENPLAY\build\resources\test has been removed.
  Output property 'destinationDir' file C:\Users\usuario\iCloudDrive\SOFKA\AUTO_API_PETSTORE_SCREENPLAY\build\resources\test\features has been removed.
  Output property 'destinationDir' file C:\Users\usuario\iCloudDrive\SOFKA\AUTO_API_PETSTORE_SCREENPLAY\build\resources\test\features\pet_crud.feature has been removed.
  and more...
Resolve mutations for :aggregate (Thread[#321,included builds,5,main]) started.
:aggregate (Thread[#321,included builds,5,main]) started.

> Task :aggregate
Caching disabled for task ':aggregate' because:
  Build cache is disabled
  'Task outputs cacheable' not satisfied
Task ':aggregate' is not up-to-date because:
  Output property '$1' file C:\Users\usuario\iCloudDrive\SOFKA\AUTO_API_PETSTORE_SCREENPLAY\target\site\serenity has been removed.
  Output property '$1' file C:\Users\usuario\iCloudDrive\SOFKA\AUTO_API_PETSTORE_SCREENPLAY\target\site\serenity\576946480b52ad056d6f5bddf874399c83582ecf90963cc074a14c70580e7d9f.html has been removed.
  Output property '$1' file C:\Users\usuario\iCloudDrive\SOFKA\AUTO_API_PETSTORE_SCREENPLAY\target\site\serenity\android-icon-144x144.png has been removed.
  and more...
Generating Serenity Reports
  - Main report: file:///C:/Users/usuario/iCloudDrive/SOFKA/AUTO_API_PETSTORE_SCREENPLAY/target/site/serenity/index.html
      - Test Root: null
      - Requirements base directory: null
GENERATING REPORTS USING 16 THREADS

------------------------------------------------------------------------
Serenity BDD Test Results
  - Report guide: https://serenity-bdd.github.io
  - Results: 0 tests | 0 passed | 0 failed | 0 errors | 0 compromised | 0 pending | 0 aborted
------------------------------------------------------------------------

Generating Serenity BDD Reports
  ? Summary reports
  ? Requirements reports
  ? Result reports
  ? Error reports

Reports generated in 7.4 secs

[Incubating] Problems report is available at: file:///C:/Users/usuario/iCloudDrive/SOFKA/AUTO_API_PETSTORE_SCREENPLAY/build/reports/problems/problems-report.html
./gradlew : 
At line:1 char:1
+ ./gradlew clean test aggregate 
--info > build_output.txt 2>&1
+ ~~~~~~~~~~~~~~~~~~~~~~~~~~~~~~~~~~~
~~~~~~~~~~~~~~~~~~~~~~~~~~
    + CategoryInfo          : NotSpe 
   cified: (:String) [], RemoteExce  
  ption
    + FullyQualifiedErrorId : Native 
   CommandError
 
FAILURE: Build failed with an 
exception.

* What went wrong:
Execution failed for task 
':compileTestJava'.
> Cannot access input property 
'stableSources' of task 
':compileTestJava'. Accessing 
unreadable inputs or outputs is not 
supported. Declare the task as 
untracked by using 
Task.doNotTrackState(). For more 
information, please refer to https://
docs.gradle.org/8.12.1/userguide/incr
emental_build.html#sec:disable-state-
tracking in the Gradle documentation.
   > java.io.IOException: Cannot 
snapshot C:\Users\usuario\iCloudDrive
\SOFKA\AUTO_API_PETSTORE_SCREENPLAY\s
rc\test\java\com\petstore\questions\L
astResponseStatusCode.java: not a 
regular file

* Try:
> Run with --stacktrace option to 
get the stack trace.
> Run with --debug option to get 
more log output.
> Run with --scan to get full 
insights.
> Get more help at 
https://help.gradle.org.


Deprecated Gradle features were used in this build, making it incompatible with Gradle 9.0.

You can use '--warning-mode all' to show the individual deprecation warnings and determine if they come from your own scripts or plugins.

For more on this, please refer to https://docs.gradle.org/8.12.1/userguide/command_line_interface.html#sec:command_line_warnings in the Gradle documentation.
BUILD FAILED in 18s
5 actionable tasks: 5 executed
Watched directory hierarchies: [C:\Users\usuario\iCloudDrive\SOFKA\AUTO_API_PETSTORE_SCREENPLAY]
